0:0:0:0:0:0:0:1 - - [23/Oct/2019:21:11:00 +0600] "GET /catholicshop-webapp/book.jsp HTTP/1.1" 200 3732 http-bio-8080-exec-7 408
127.0.0.1 - - [23/Oct/2019:21:11:02 +0600] "GET /catholicshop-webapp/webapi/books/ HTTP/1.1" 200 1093 http-bio-8080-exec-3 19
0:0:0:0:0:0:0:1 - - [23/Oct/2019:21:11:02 +0600] "GET /catholicshop-webapp/audiobooks.jsp HTTP/1.1" 200 3737 http-bio-8080-exec-7 291
127.0.0.1 - - [23/Oct/2019:21:11:03 +0600] "GET /catholicshop-webapp/webapi/books/ HTTP/1.1" 200 1093 http-bio-8080-exec-3 17
0:0:0:0:0:0:0:1 - - [23/Oct/2019:21:11:03 +0600] "GET /catholicshop-webapp/site.jsp HTTP/1.1" 200 10630 http-bio-8080-exec-7 115
127.0.0.1 - - [23/Oct/2019:21:13:58 +0600] "GET /catholicshop-webapp/webapi/books/ HTTP/1.1" 200 1093 http-bio-8080-exec-2 23
0:0:0:0:0:0:0:1 - - [23/Oct/2019:21:13:58 +0600] "GET /catholicshop-webapp/site.jsp HTTP/1.1" 200 10630 http-bio-8080-exec-1 139
0:0:0:0:0:0:0:1 - - [23/Oct/2019:21:14:38 +0600] "GET /catholicshop-webapp/site.jsp HTTP/1.1" 200 10630 http-bio-8080-exec-1 87
127.0.0.1 - - [23/Oct/2019:21:14:38 +0600] "GET /catholicshop-webapp/webapi/books/ HTTP/1.1" 200 1093 http-bio-8080-exec-4 5
127.0.0.1 - - [23/Oct/2019:21:14:53 +0600] "GET /catholicshop-webapp/webapi/books/ HTTP/1.1" 200 1093 http-bio-8080-exec-10 24
0:0:0:0:0:0:0:1 - - [23/Oct/2019:21:14:53 +0600] "GET /catholicshop-webapp/site.jsp HTTP/1.1" 200 10630 http-bio-8080-exec-1 109
127.0.0.1 - - [23/Oct/2019:21:15:37 +0600] "GET /catholicshop-webapp/webapi/books/ HTTP/1.1" 200 1093 http-bio-8080-exec-3 20
0:0:0:0:0:0:0:1 - - [23/Oct/2019:21:15:37 +0600] "GET /catholicshop-webapp/site.jsp HTTP/1.1" 200 10630 http-bio-8080-exec-1 122
127.0.0.1 - - [23/Oct/2019:21:15:40 +0600] "GET /catholicshop-webapp/webapi/books/ HTTP/1.1" 200 1093 http-bio-8080-exec-3 4
0:0:0:0:0:0:0:1 - - [23/Oct/2019:21:15:40 +0600] "GET /catholicshop-webapp/site.jsp HTTP/1.1" 200 10630 http-bio-8080-exec-1 77
127.0.0.1 - - [23/Oct/2019:21:15:41 +0600] "GET /catholicshop-webapp/webapi/books/ HTTP/1.1" 200 1093 http-bio-8080-exec-3 4
0:0:0:0:0:0:0:1 - - [23/Oct/2019:21:15:41 +0600] "GET /catholicshop-webapp/audiobooks.jsp HTTP/1.1" 200 3737 http-bio-8080-exec-1 95
127.0.0.1 - - [23/Oct/2019:21:15:42 +0600] "GET /catholicshop-webapp/webapi/books/ HTTP/1.1" 200 1093 http-bio-8080-exec-3 4
0:0:0:0:0:0:0:1 - - [23/Oct/2019:21:15:42 +0600] "GET /catholicshop-webapp/site.jsp HTTP/1.1" 200 10630 http-bio-8080-exec-1 74
127.0.0.1 - - [23/Oct/2019:21:16:00 +0600] "GET /catholicshop-webapp/webapi/books/ HTTP/1.1" 200 1093 http-bio-8080-exec-5 6
0:0:0:0:0:0:0:1 - - [23/Oct/2019:21:16:00 +0600] "GET /catholicshop-webapp/site.jsp HTTP/1.1" 200 10630 http-bio-8080-exec-1 84
127.0.0.1 - - [23/Oct/2019:21:16:00 +0600] "GET /catholicshop-webapp/webapi/books/ HTTP/1.1" 200 1093 http-bio-8080-exec-5 5
0:0:0:0:0:0:0:1 - - [23/Oct/2019:21:16:00 +0600] "GET /catholicshop-webapp/site.jsp HTTP/1.1" 200 10630 http-bio-8080-exec-1 77
127.0.0.1 - - [23/Oct/2019:21:16:02 +0600] "GET /catholicshop-webapp/webapi/books/ HTTP/1.1" 200 1093 http-bio-8080-exec-5 9
0:0:0:0:0:0:0:1 - - [23/Oct/2019:21:16:02 +0600] "GET /catholicshop-webapp/site.jsp HTTP/1.1" 200 10630 http-bio-8080-exec-1 85
127.0.0.1 - - [23/Oct/2019:21:16:06 +0600] "GET /catholicshop-webapp/webapi/books/ HTTP/1.1" 200 1093 http-bio-8080-exec-5 7
0:0:0:0:0:0:0:1 - - [23/Oct/2019:21:16:06 +0600] "GET /catholicshop-webapp/site.jsp HTTP/1.1" 200 10630 http-bio-8080-exec-1 79
127.0.0.1 - - [23/Oct/2019:21:16:22 +0600] "GET /catholicshop-webapp/webapi/books/ HTTP/1.1" 200 1093 http-bio-8080-exec-10 8
0:0:0:0:0:0:0:1 - - [23/Oct/2019:21:16:22 +0600] "GET /catholicshop-webapp/site.jsp HTTP/1.1" 200 10633 http-bio-8080-exec-1 353
127.0.0.1 - - [23/Oct/2019:21:16:24 +0600] "GET /catholicshop-webapp/webapi/books/ HTTP/1.1" 200 1093 http-bio-8080-exec-10 22
0:0:0:0:0:0:0:1 - - [23/Oct/2019:21:16:24 +0600] "GET /catholicshop-webapp/site.jsp HTTP/1.1" 200 10633 http-bio-8080-exec-1 111
0:0:0:0:0:0:0:1 - - [23/Oct/2019:21:16:26 +0600] "GET /catholicshop-webapp/videos.jsp HTTP/1.1" 500 2847 http-bio-8080-exec-1 223
127.0.0.1 - - [23/Oct/2019:21:17:51 +0600] "GET /catholicshop-webapp/webapi/books/ HTTP/1.1" 200 1093 http-bio-8080-exec-4 7
0:0:0:0:0:0:0:1 - - [23/Oct/2019:21:17:51 +0600] "GET /catholicshop-webapp/videos.jsp HTTP/1.1" 200 3790 http-bio-8080-exec-5 278
127.0.0.1 - - [23/Oct/2019:21:18:50 +0600] "GET /catholicshop-webapp/webapi/books/ HTTP/1.1" 200 1093 http-bio-8080-exec-8 4
0:0:0:0:0:0:0:1 - - [23/Oct/2019:21:18:50 +0600] "GET /catholicshop-webapp/videos.jsp HTTP/1.1" 200 3790 http-bio-8080-exec-5 326
0:0:0:0:0:0:0:1 - - [23/Oct/2019:21:18:57 +0600] "GET /catholicshop-webapp/index.jsp HTTP/1.1" 200 1812 http-bio-8080-exec-5 2
127.0.0.1 - - [23/Oct/2019:21:18:58 +0600] "GET /catholicshop-webapp/webapi/books/ HTTP/1.1" 200 1093 http-bio-8080-exec-7 8
0:0:0:0:0:0:0:1 - - [23/Oct/2019:21:18:58 +0600] "GET /catholicshop-webapp/site.jsp HTTP/1.1" 200 10633 http-bio-8080-exec-5 230
127.0.0.1 - - [23/Oct/2019:21:18:59 +0600] "GET /catholicshop-webapp/webapi/books/ HTTP/1.1" 200 1093 http-bio-8080-exec-7 6
0:0:0:0:0:0:0:1 - - [23/Oct/2019:21:18:59 +0600] "GET /catholicshop-webapp/site.jsp HTTP/1.1" 200 10633 http-bio-8080-exec-5 103
127.0.0.1 - - [23/Oct/2019:21:19:03 +0600] "GET /catholicshop-webapp/webapi/books/ HTTP/1.1" 200 1093 http-bio-8080-exec-7 11
0:0:0:0:0:0:0:1 - - [23/Oct/2019:21:19:03 +0600] "GET /catholicshop-webapp/book.jsp HTTP/1.1" 200 3732 http-bio-8080-exec-5 333
127.0.0.1 - - [23/Oct/2019:21:19:05 +0600] "GET /catholicshop-webapp/webapi/books/ HTTP/1.1" 200 1093 http-bio-8080-exec-7 6
0:0:0:0:0:0:0:1 - - [23/Oct/2019:21:19:05 +0600] "GET /catholicshop-webapp/audiobooks.jsp HTTP/1.1" 200 3737 http-bio-8080-exec-5 219
127.0.0.1 - - [23/Oct/2019:21:19:06 +0600] "GET /catholicshop-webapp/webapi/books/ HTTP/1.1" 200 1093 http-bio-8080-exec-7 6
0:0:0:0:0:0:0:1 - - [23/Oct/2019:21:19:06 +0600] "GET /catholicshop-webapp/site.jsp HTTP/1.1" 200 10633 http-bio-8080-exec-5 90
127.0.0.1 - - [23/Oct/2019:21:19:08 +0600] "GET /catholicshop-webapp/webapi/books/ HTTP/1.1" 200 1093 http-bio-8080-exec-7 15
0:0:0:0:0:0:0:1 - - [23/Oct/2019:21:19:08 +0600] "GET /catholicshop-webapp/videos.jsp HTTP/1.1" 200 3790 http-bio-8080-exec-5 95
127.0.0.1 - - [23/Oct/2019:21:19:10 +0600] "GET /catholicshop-webapp/webapi/books/ HTTP/1.1" 200 1093 http-bio-8080-exec-7 4
0:0:0:0:0:0:0:1 - - [23/Oct/2019:21:19:10 +0600] "GET /catholicshop-webapp/videos.jsp HTTP/1.1" 200 3790 http-bio-8080-exec-5 85
127.0.0.1 - - [23/Oct/2019:21:19:11 +0600] "GET /catholicshop-webapp/webapi/books/ HTTP/1.1" 200 1093 http-bio-8080-exec-7 20
0:0:0:0:0:0:0:1 - - [23/Oct/2019:21:19:11 +0600] "GET /catholicshop-webapp/audiobooks.jsp HTTP/1.1" 200 3737 http-bio-8080-exec-5 104
127.0.0.1 - - [23/Oct/2019:21:19:12 +0600] "GET /catholicshop-webapp/webapi/books/ HTTP/1.1" 200 1093 http-bio-8080-exec-7 3
0:0:0:0:0:0:0:1 - - [23/Oct/2019:21:19:12 +0600] "GET /catholicshop-webapp/site.jsp HTTP/1.1" 200 10633 http-bio-8080-exec-5 71
127.0.0.1 - - [23/Oct/2019:21:19:13 +0600] "GET /catholicshop-webapp/webapi/books/ HTTP/1.1" 200 1093 http-bio-8080-exec-7 4
0:0:0:0:0:0:0:1 - - [23/Oct/2019:21:19:13 +0600] "GET /catholicshop-webapp/videos.jsp HTTP/1.1" 200 3790 http-bio-8080-exec-5 75
0:0:0:0:0:0:0:1 - - [23/Oct/2019:21:19:14 +0600] "GET /catholicshop-webapp/videos.jsp HTTP/1.1" 200 3790 http-bio-8080-exec-9 75
127.0.0.1 - - [23/Oct/2019:21:19:14 +0600] "GET /catholicshop-webapp/webapi/books/ HTTP/1.1" 200 1093 http-bio-8080-exec-7 5
127.0.0.1 - - [23/Oct/2019:21:19:15 +0600] "GET /catholicshop-webapp/webapi/books/ HTTP/1.1" 200 1093 http-bio-8080-exec-7 5
0:0:0:0:0:0:0:1 - - [23/Oct/2019:21:19:15 +0600] "GET /catholicshop-webapp/videos.jsp HTTP/1.1" 200 3790 http-bio-8080-exec-9 77
127.0.0.1 - - [23/Oct/2019:21:19:15 +0600] "GET /catholicshop-webapp/webapi/books/ HTTP/1.1" 200 1093 http-bio-8080-exec-7 15
0:0:0:0:0:0:0:1 - - [23/Oct/2019:21:19:15 +0600] "GET /catholicshop-webapp/music.jsp HTTP/1.1" 200 3732 http-bio-8080-exec-9 223
127.0.0.1 - - [23/Oct/2019:21:19:16 +0600] "GET /catholicshop-webapp/webapi/books/ HTTP/1.1" 200 1093 http-bio-8080-exec-7 4
0:0:0:0:0:0:0:1 - - [23/Oct/2019:21:19:16 +0600] "GET /catholicshop-webapp/site.jsp HTTP/1.1" 200 10633 http-bio-8080-exec-9 71
127.0.0.1 - - [23/Oct/2019:21:19:18 +0600] "GET /catholicshop-webapp/webapi/books/ HTTP/1.1" 200 1093 http-bio-8080-exec-7 16
0:0:0:0:0:0:0:1 - - [23/Oct/2019:21:19:18 +0600] "GET /catholicshop-webapp/videos.jsp HTTP/1.1" 200 3790 http-bio-8080-exec-9 95
127.0.0.1 - - [23/Oct/2019:21:19:18 +0600] "GET /catholicshop-webapp/webapi/books/ HTTP/1.1" 200 1093 http-bio-8080-exec-7 57
0:0:0:0:0:0:0:1 - - [23/Oct/2019:21:19:18 +0600] "GET /catholicshop-webapp/music.jsp HTTP/1.1" 200 3732 http-bio-8080-exec-9 125
127.0.0.1 - - [23/Oct/2019:21:19:19 +0600] "GET /catholicshop-webapp/webapi/books/ HTTP/1.1" 200 1093 http-bio-8080-exec-7 4
0:0:0:0:0:0:0:1 - - [23/Oct/2019:21:19:19 +0600] "GET /catholicshop-webapp/site.jsp HTTP/1.1" 200 10633 http-bio-8080-exec-9 73
127.0.0.1 - - [23/Oct/2019:21:19:38 +0600] "GET /catholicshop-webapp/webapi/books/ HTTP/1.1" 200 1093 http-bio-8080-exec-6 11
0:0:0:0:0:0:0:1 - - [23/Oct/2019:21:19:38 +0600] "GET /catholicshop-webapp/site.jsp HTTP/1.1" 200 10633 http-bio-8080-exec-9 112
0:0:0:0:0:0:0:1 - - [23/Oct/2019:21:19:46 +0600] "GET /catholicshop-webapp/search.jsp HTTP/1.1" 200 2242 http-bio-8080-exec-9 1
0:0:0:0:0:0:0:1 - - [23/Oct/2019:21:20:12 +0600] "GET /catholicshop-webapp/search.jsp HTTP/1.1" 200 2251 http-bio-8080-exec-9 118
0:0:0:0:0:0:0:1 - - [23/Oct/2019:21:20:14 +0600] "GET /catholicshop-webapp/maintain.jsp HTTP/1.1" 200 4771 http-bio-8080-exec-9 2
0:0:0:0:0:0:0:1 - - [23/Oct/2019:21:20:15 +0600] "GET /catholicshop-webapp/result.jsp HTTP/1.1" 200 4672 http-bio-8080-exec-9 2
0:0:0:0:0:0:0:1 - - [23/Oct/2019:21:21:31 +0600] "GET /catholicshop-webapp/index.jsp HTTP/1.1" 200 1812 http-bio-8080-exec-3 1
127.0.0.1 - - [23/Oct/2019:21:21:32 +0600] "GET /catholicshop-webapp/webapi/books/ HTTP/1.1" 200 1093 http-bio-8080-exec-10 48
0:0:0:0:0:0:0:1 - - [23/Oct/2019:21:21:32 +0600] "GET /catholicshop-webapp/site.jsp HTTP/1.1" 200 10633 http-bio-8080-exec-3 138
127.0.0.1 - - [23/Oct/2019:21:21:33 +0600] "GET /catholicshop-webapp/webapi/books/ HTTP/1.1" 200 1093 http-bio-8080-exec-10 11
0:0:0:0:0:0:0:1 - - [23/Oct/2019:21:21:33 +0600] "GET /catholicshop-webapp/site.jsp HTTP/1.1" 200 10633 http-bio-8080-exec-3 77
127.0.0.1 - - [23/Oct/2019:21:21:34 +0600] "GET /catholicshop-webapp/webapi/books/ HTTP/1.1" 200 1093 http-bio-8080-exec-10 19
0:0:0:0:0:0:0:1 - - [23/Oct/2019:21:21:34 +0600] "GET /catholicshop-webapp/book.jsp HTTP/1.1" 200 3732 http-bio-8080-exec-3 239
127.0.0.1 - - [23/Oct/2019:21:21:47 +0600] "GET /catholicshop-webapp/webapi/books/ HTTP/1.1" 200 1093 http-bio-8080-exec-4 4
0:0:0:0:0:0:0:1 - - [23/Oct/2019:21:21:47 +0600] "GET /catholicshop-webapp/book.jsp HTTP/1.1" 200 3732 http-bio-8080-exec-3 76
0:0:0:0:0:0:0:1 - - [23/Oct/2019:21:21:49 +0600] "GET /catholicshop-webapp/site.jsp HTTP/1.1" 200 10633 http-bio-8080-exec-3 90
127.0.0.1 - - [23/Oct/2019:21:21:49 +0600] "GET /catholicshop-webapp/webapi/books/ HTTP/1.1" 200 1093 http-bio-8080-exec-4 6
127.0.0.1 - - [23/Oct/2019:21:23:58 +0600] "GET /catholicshop-webapp/webapi/books/ HTTP/1.1" 200 1093 http-bio-8080-exec-1 4
0:0:0:0:0:0:0:1 - - [23/Oct/2019:21:23:58 +0600] "GET /catholicshop-webapp/book.jsp HTTP/1.1" 200 3732 http-bio-8080-exec-10 343
127.0.0.1 - - [23/Oct/2019:21:24:36 +0600] "GET /catholicshop-webapp/webapi/books/ HTTP/1.1" 200 1093 http-bio-8080-exec-2 6
0:0:0:0:0:0:0:1 - - [23/Oct/2019:21:24:36 +0600] "GET /catholicshop-webapp/book.jsp HTTP/1.1" 200 3732 http-bio-8080-exec-10 76
127.0.0.1 - - [23/Oct/2019:21:24:38 +0600] "GET /catholicshop-webapp/webapi/books/ HTTP/1.1" 200 1093 http-bio-8080-exec-2 9
0:0:0:0:0:0:0:1 - - [23/Oct/2019:21:24:38 +0600] "GET /catholicshop-webapp/book.jsp HTTP/1.1" 200 3732 http-bio-8080-exec-10 78
0:0:0:0:0:0:0:1 - - [23/Oct/2019:21:26:02 +0600] "GET /catholicshop-webapp/index.jsp HTTP/1.1" 200 1812 http-bio-8080-exec-1 2
127.0.0.1 - - [23/Oct/2019:21:26:03 +0600] "GET /catholicshop-webapp/webapi/books/ HTTP/1.1" 200 1093 http-bio-8080-exec-4 4
0:0:0:0:0:0:0:1 - - [23/Oct/2019:21:26:03 +0600] "GET /catholicshop-webapp/site.jsp HTTP/1.1" 200 10632 http-bio-8080-exec-1 279
127.0.0.1 - - [23/Oct/2019:21:26:10 +0600] "GET /catholicshop-webapp/webapi/books/ HTTP/1.1" 200 1093 http-bio-8080-exec-5 21
0:0:0:0:0:0:0:1 - - [23/Oct/2019:21:26:10 +0600] "GET /catholicshop-webapp/book.jsp HTTP/1.1" 200 3732 http-bio-8080-exec-1 107
127.0.0.1 - - [23/Oct/2019:21:26:40 +0600] "GET /catholicshop-webapp/webapi/books/ HTTP/1.1" 200 1093 http-bio-8080-exec-9 7
0:0:0:0:0:0:0:1 - - [23/Oct/2019:21:26:40 +0600] "GET /catholicshop-webapp/audiobooks.jsp HTTP/1.1" 200 3737 http-bio-8080-exec-1 79
127.0.0.1 - - [23/Oct/2019:21:26:40 +0600] "GET /catholicshop-webapp/webapi/books/ HTTP/1.1" 200 1093 http-bio-8080-exec-9 4
0:0:0:0:0:0:0:1 - - [23/Oct/2019:21:26:40 +0600] "GET /catholicshop-webapp/site.jsp HTTP/1.1" 200 10632 http-bio-8080-exec-1 70
127.0.0.1 - - [23/Oct/2019:21:26:42 +0600] "GET /catholicshop-webapp/webapi/books/ HTTP/1.1" 200 1093 http-bio-8080-exec-9 23
0:0:0:0:0:0:0:1 - - [23/Oct/2019:21:26:42 +0600] "GET /catholicshop-webapp/videos.jsp HTTP/1.1" 200 3790 http-bio-8080-exec-1 89
127.0.0.1 - - [23/Oct/2019:21:26:44 +0600] "GET /catholicshop-webapp/webapi/books/ HTTP/1.1" 200 1093 http-bio-8080-exec-9 20
0:0:0:0:0:0:0:1 - - [23/Oct/2019:21:26:44 +0600] "GET /catholicshop-webapp/videos.jsp HTTP/1.1" 200 3790 http-bio-8080-exec-1 102
127.0.0.1 - - [23/Oct/2019:21:26:44 +0600] "GET /catholicshop-webapp/webapi/books/ HTTP/1.1" 200 1093 http-bio-8080-exec-9 11
0:0:0:0:0:0:0:1 - - [23/Oct/2019:21:26:44 +0600] "GET /catholicshop-webapp/music.jsp HTTP/1.1" 200 3735 http-bio-8080-exec-1 202
127.0.0.1 - - [23/Oct/2019:21:26:45 +0600] "GET /catholicshop-webapp/webapi/books/ HTTP/1.1" 200 1093 http-bio-8080-exec-9 9
0:0:0:0:0:0:0:1 - - [23/Oct/2019:21:26:45 +0600] "GET /catholicshop-webapp/videos.jsp HTTP/1.1" 200 3790 http-bio-8080-exec-1 75
127.0.0.1 - - [23/Oct/2019:21:26:45 +0600] "GET /catholicshop-webapp/webapi/books/ HTTP/1.1" 200 1093 http-bio-8080-exec-9 13
0:0:0:0:0:0:0:1 - - [23/Oct/2019:21:26:45 +0600] "GET /catholicshop-webapp/music.jsp HTTP/1.1" 200 3735 http-bio-8080-exec-1 84
127.0.0.1 - - [23/Oct/2019:21:26:46 +0600] "GET /catholicshop-webapp/webapi/books/ HTTP/1.1" 200 1093 http-bio-8080-exec-9 6
0:0:0:0:0:0:0:1 - - [23/Oct/2019:21:26:46 +0600] "GET /catholicshop-webapp/videos.jsp HTTP/1.1" 200 3790 http-bio-8080-exec-1 94
127.0.0.1 - - [23/Oct/2019:21:26:46 +0600] "GET /catholicshop-webapp/webapi/books/ HTTP/1.1" 200 1093 http-bio-8080-exec-9 7
0:0:0:0:0:0:0:1 - - [23/Oct/2019:21:26:46 +0600] "GET /catholicshop-webapp/audiobooks.jsp HTTP/1.1" 200 3737 http-bio-8080-exec-1 71
127.0.0.1 - - [23/Oct/2019:21:26:46 +0600] "GET /catholicshop-webapp/webapi/books/ HTTP/1.1" 200 1093 http-bio-8080-exec-9 4
0:0:0:0:0:0:0:1 - - [23/Oct/2019:21:26:46 +0600] "GET /catholicshop-webapp/book.jsp HTTP/1.1" 200 3732 http-bio-8080-exec-1 69
127.0.0.1 - - [23/Oct/2019:21:26:47 +0600] "GET /catholicshop-webapp/webapi/books/ HTTP/1.1" 200 1093 http-bio-8080-exec-9 4
0:0:0:0:0:0:0:1 - - [23/Oct/2019:21:26:47 +0600] "GET /catholicshop-webapp/audiobooks.jsp HTTP/1.1" 200 3737 http-bio-8080-exec-1 71
127.0.0.1 - - [23/Oct/2019:21:26:47 +0600] "GET /catholicshop-webapp/webapi/books/ HTTP/1.1" 200 1093 http-bio-8080-exec-9 4
0:0:0:0:0:0:0:1 - - [23/Oct/2019:21:26:47 +0600] "GET /catholicshop-webapp/audiobooks.jsp HTTP/1.1" 200 3737 http-bio-8080-exec-1 79
127.0.0.1 - - [23/Oct/2019:21:26:48 +0600] "GET /catholicshop-webapp/webapi/books/ HTTP/1.1" 200 1093 http-bio-8080-exec-9 3
0:0:0:0:0:0:0:1 - - [23/Oct/2019:21:26:48 +0600] "GET /catholicshop-webapp/site.jsp HTTP/1.1" 200 10632 http-bio-8080-exec-1 70
127.0.0.1 - - [23/Oct/2019:21:26:48 +0600] "GET /catholicshop-webapp/webapi/books/ HTTP/1.1" 200 1093 http-bio-8080-exec-9 8
0:0:0:0:0:0:0:1 - - [23/Oct/2019:21:26:48 +0600] "GET /catholicshop-webapp/music.jsp HTTP/1.1" 200 3735 http-bio-8080-exec-1 75
127.0.0.1 - - [23/Oct/2019:21:26:49 +0600] "GET /catholicshop-webapp/webapi/books/ HTTP/1.1" 200 1093 http-bio-8080-exec-9 4
0:0:0:0:0:0:0:1 - - [23/Oct/2019:21:26:49 +0600] "GET /catholicshop-webapp/audiobooks.jsp HTTP/1.1" 200 3737 http-bio-8080-exec-1 71
127.0.0.1 - - [23/Oct/2019:21:26:49 +0600] "GET /catholicshop-webapp/webapi/books/ HTTP/1.1" 200 1093 http-bio-8080-exec-9 5
0:0:0:0:0:0:0:1 - - [23/Oct/2019:21:26:49 +0600] "GET /catholicshop-webapp/site.jsp HTTP/1.1" 200 10632 http-bio-8080-exec-1 71
127.0.0.1 - - [23/Oct/2019:21:26:49 +0600] "GET /catholicshop-webapp/webapi/books/ HTTP/1.1" 200 1093 http-bio-8080-exec-9 4
0:0:0:0:0:0:0:1 - - [23/Oct/2019:21:26:49 +0600] "GET /catholicshop-webapp/videos.jsp HTTP/1.1" 200 3790 http-bio-8080-exec-1 71
127.0.0.1 - - [23/Oct/2019:21:26:50 +0600] "GET /catholicshop-webapp/webapi/books/ HTTP/1.1" 200 1093 http-bio-8080-exec-9 13
0:0:0:0:0:0:0:1 - - [23/Oct/2019:21:26:50 +0600] "GET /catholicshop-webapp/videos.jsp HTTP/1.1" 200 3790 http-bio-8080-exec-1 78
127.0.0.1 - - [23/Oct/2019:21:26:50 +0600] "GET /catholicshop-webapp/webapi/books/ HTTP/1.1" 200 1093 http-bio-8080-exec-9 5
0:0:0:0:0:0:0:1 - - [23/Oct/2019:21:26:50 +0600] "GET /catholicshop-webapp/videos.jsp HTTP/1.1" 200 3790 http-bio-8080-exec-1 70
127.0.0.1 - - [23/Oct/2019:21:26:50 +0600] "GET /catholicshop-webapp/webapi/books/ HTTP/1.1" 200 1093 http-bio-8080-exec-9 3
0:0:0:0:0:0:0:1 - - [23/Oct/2019:21:26:50 +0600] "GET /catholicshop-webapp/audiobooks.jsp HTTP/1.1" 200 3737 http-bio-8080-exec-1 73
127.0.0.1 - - [23/Oct/2019:21:26:51 +0600] "GET /catholicshop-webapp/webapi/books/ HTTP/1.1" 200 1093 http-bio-8080-exec-9 4
0:0:0:0:0:0:0:1 - - [23/Oct/2019:21:26:51 +0600] "GET /catholicshop-webapp/site.jsp HTTP/1.1" 200 10632 http-bio-8080-exec-1 69
127.0.0.1 - - [23/Oct/2019:21:26:51 +0600] "GET /catholicshop-webapp/webapi/books/ HTTP/1.1" 200 1093 http-bio-8080-exec-9 4
0:0:0:0:0:0:0:1 - - [23/Oct/2019:21:26:51 +0600] "GET /catholicshop-webapp/videos.jsp HTTP/1.1" 200 3790 http-bio-8080-exec-1 70
127.0.0.1 - - [23/Oct/2019:21:26:52 +0600] "GET /catholicshop-webapp/webapi/books/ HTTP/1.1" 200 1093 http-bio-8080-exec-9 4
0:0:0:0:0:0:0:1 - - [23/Oct/2019:21:26:52 +0600] "GET /catholicshop-webapp/videos.jsp HTTP/1.1" 200 3790 http-bio-8080-exec-1 68
0:0:0:0:0:0:0:1 - - [23/Oct/2019:21:26:53 +0600] "GET /catholicshop-webapp/videos.jsp HTTP/1.1" 200 3790 http-bio-8080-exec-1 71
127.0.0.1 - - [23/Oct/2019:21:26:53 +0600] "GET /catholicshop-webapp/webapi/books/ HTTP/1.1" 200 1093 http-bio-8080-exec-9 4
127.0.0.1 - - [23/Oct/2019:21:26:53 +0600] "GET /catholicshop-webapp/webapi/books/ HTTP/1.1" 200 1093 http-bio-8080-exec-9 4
0:0:0:0:0:0:0:1 - - [23/Oct/2019:21:26:53 +0600] "GET /catholicshop-webapp/videos.jsp HTTP/1.1" 200 3790 http-bio-8080-exec-1 69
127.0.0.1 - - [23/Oct/2019:21:26:53 +0600] "GET /catholicshop-webapp/webapi/books/ HTTP/1.1" 200 1093 http-bio-8080-exec-9 5
0:0:0:0:0:0:0:1 - - [23/Oct/2019:21:26:53 +0600] "GET /catholicshop-webapp/videos.jsp HTTP/1.1" 200 3790 http-bio-8080-exec-1 74
127.0.0.1 - - [23/Oct/2019:21:26:54 +0600] "GET /catholicshop-webapp/webapi/books/ HTTP/1.1" 200 1093 http-bio-8080-exec-9 11
0:0:0:0:0:0:0:1 - - [23/Oct/2019:21:26:54 +0600] "GET /catholicshop-webapp/videos.jsp HTTP/1.1" 200 3790 http-bio-8080-exec-1 76
127.0.0.1 - - [23/Oct/2019:21:26:55 +0600] "GET /catholicshop-webapp/webapi/books/ HTTP/1.1" 200 1093 http-bio-8080-exec-9 5
0:0:0:0:0:0:0:1 - - [23/Oct/2019:21:26:55 +0600] "GET /catholicshop-webapp/audiobooks.jsp HTTP/1.1" 200 3737 http-bio-8080-exec-1 77
127.0.0.1 - - [23/Oct/2019:21:26:55 +0600] "GET /catholicshop-webapp/webapi/books/ HTTP/1.1" 200 1093 http-bio-8080-exec-9 6
0:0:0:0:0:0:0:1 - - [23/Oct/2019:21:26:55 +0600] "GET /catholicshop-webapp/site.jsp HTTP/1.1" 200 10632 http-bio-8080-exec-1 72
0:0:0:0:0:0:0:1 - - [23/Oct/2019:21:28:41 +0600] "GET /catholicshop-webapp/index.jsp HTTP/1.1" 200 1812 http-bio-8080-exec-8 2
127.0.0.1 - - [23/Oct/2019:21:28:42 +0600] "GET /catholicshop-webapp/webapi/books/ HTTP/1.1" 200 1093 http-bio-8080-exec-7 13
0:0:0:0:0:0:0:1 - - [23/Oct/2019:21:28:42 +0600] "GET /catholicshop-webapp/site.jsp HTTP/1.1" 200 10632 http-bio-8080-exec-8 107
127.0.0.1 - - [23/Oct/2019:21:28:44 +0600] "GET /catholicshop-webapp/webapi/books/ HTTP/1.1" 200 1093 http-bio-8080-exec-7 4
0:0:0:0:0:0:0:1 - - [23/Oct/2019:21:28:44 +0600] "GET /catholicshop-webapp/audiobooks.jsp HTTP/1.1" 200 3740 http-bio-8080-exec-8 212
0:0:0:0:0:0:0:1 - - [23/Oct/2019:21:29:06 +0600] "GET /catholicshop-webapp/webapi/books/ HTTP/1.1" 200 1093 http-bio-8080-exec-1 58
127.0.0.1 - - [23/Oct/2019:21:30:03 +0600] "GET /catholicshop-webapp/webapi/books/ HTTP/1.1" 200 1093 http-bio-8080-exec-4 8
0:0:0:0:0:0:0:1 - - [23/Oct/2019:21:30:03 +0600] "GET /catholicshop-webapp/book.jsp HTTP/1.1" 200 3732 http-bio-8080-exec-10 99
127.0.0.1 - - [23/Oct/2019:21:30:04 +0600] "GET /catholicshop-webapp/webapi/books/ HTTP/1.1" 200 1093 http-bio-8080-exec-4 5
0:0:0:0:0:0:0:1 - - [23/Oct/2019:21:30:04 +0600] "GET /catholicshop-webapp/site.jsp HTTP/1.1" 200 10632 http-bio-8080-exec-10 92
0:0:0:0:0:0:0:1 - - [23/Oct/2019:21:30:08 +0600] "GET /catholicshop-webapp/search.jsp HTTP/1.1" 200 2251 http-bio-8080-exec-10 1
0:0:0:0:0:0:0:1 - - [23/Oct/2019:21:30:11 +0600] "GET /catholicshop-webapp/index.jsp HTTP/1.1" 200 1812 http-bio-8080-exec-10 2
0:0:0:0:0:0:0:1 - - [23/Oct/2019:21:30:13 +0600] "GET /catholicshop-webapp/site.jsp HTTP/1.1" 200 10632 http-bio-8080-exec-10 136
127.0.0.1 - - [23/Oct/2019:21:30:13 +0600] "GET /catholicshop-webapp/webapi/books/ HTTP/1.1" 200 1093 http-bio-8080-exec-9 10
0:0:0:0:0:0:0:1 - - [23/Oct/2019:21:30:13 +0600] "GET /catholicshop-webapp/maintain.jsp HTTP/1.1" 200 4771 http-bio-8080-exec-10 1
0:0:0:0:0:0:0:1 - - [23/Oct/2019:21:30:16 +0600] "GET /catholicshop-webapp/result.jsp HTTP/1.1" 200 4672 http-bio-8080-exec-10 1
0:0:0:0:0:0:0:1 - - [23/Oct/2019:21:30:20 +0600] "GET /catholicshop-webapp/search.jsp HTTP/1.1" 200 2251 http-bio-8080-exec-10 1
0:0:0:0:0:0:0:1 - - [23/Oct/2019:21:31:30 +0600] "GET /catholicshop-webapp/result.jsp HTTP/1.1" 200 4672 http-bio-8080-exec-7 1
0:0:0:0:0:0:0:1 - - [23/Oct/2019:21:31:48 +0600] "GET /catholicshop-webapp/maintain.jsp HTTP/1.1" 200 4771 http-bio-8080-exec-7 1
0:0:0:0:0:0:0:1 - - [23/Oct/2019:21:31:49 +0600] "GET /catholicshop-webapp/result.jsp HTTP/1.1" 200 4672 http-bio-8080-exec-7 1
0:0:0:0:0:0:0:1 - - [23/Oct/2019:21:31:49 +0600] "GET /catholicshop-webapp/search.jsp HTTP/1.1" 200 2251 http-bio-8080-exec-7 1
127.0.0.1 - - [23/Oct/2019:21:31:50 +0600] "GET /catholicshop-webapp/webapi/books/ HTTP/1.1" 200 1093 http-bio-8080-exec-8 4
0:0:0:0:0:0:0:1 - - [23/Oct/2019:21:31:50 +0600] "GET /catholicshop-webapp/site.jsp HTTP/1.1" 200 10632 http-bio-8080-exec-7 77
127.0.0.1 - - [23/Oct/2019:21:31:51 +0600] "GET /catholicshop-webapp/webapi/books/ HTTP/1.1" 200 1093 http-bio-8080-exec-8 6
0:0:0:0:0:0:0:1 - - [23/Oct/2019:21:31:51 +0600] "GET /catholicshop-webapp/site.jsp HTTP/1.1" 200 10632 http-bio-8080-exec-7 91
0:0:0:0:0:0:0:1 - - [23/Oct/2019:21:31:52 +0600] "GET /catholicshop-webapp/index.jsp HTTP/1.1" 200 1812 http-bio-8080-exec-7 1
127.0.0.1 - - [23/Oct/2019:21:31:54 +0600] "GET /catholicshop-webapp/webapi/books/ HTTP/1.1" 200 1093 http-bio-8080-exec-8 3
0:0:0:0:0:0:0:1 - - [23/Oct/2019:21:31:54 +0600] "GET /catholicshop-webapp/site.jsp HTTP/1.1" 200 10632 http-bio-8080-exec-7 71
0:0:0:0:0:0:0:1 - - [23/Oct/2019:21:32:08 +0600] "GET /catholicshop-webapp/maintain.jsp HTTP/1.1" 200 4771 http-bio-8080-exec-7 1
0:0:0:0:0:0:0:1 - - [23/Oct/2019:21:36:02 +0600] "GET /catholicshop-webapp/maintain.jsp HTTP/1.1" 200 4771 http-bio-8080-exec-4 2
0:0:0:0:0:0:0:1 - - [23/Oct/2019:21:36:04 +0600] "GET /catholicshop-webapp/result.jsp HTTP/1.1" 200 4672 http-bio-8080-exec-4 1
0:0:0:0:0:0:0:1 - - [23/Oct/2019:21:36:04 +0600] "GET /catholicshop-webapp/search.jsp HTTP/1.1" 200 2251 http-bio-8080-exec-4 1
127.0.0.1 - - [23/Oct/2019:21:36:05 +0600] "GET /catholicshop-webapp/webapi/books/ HTTP/1.1" 200 1093 http-bio-8080-exec-8 8
0:0:0:0:0:0:0:1 - - [23/Oct/2019:21:36:05 +0600] "GET /catholicshop-webapp/site.jsp HTTP/1.1" 200 10632 http-bio-8080-exec-4 98
0:0:0:0:0:0:0:1 - - [23/Oct/2019:21:36:06 +0600] "GET /catholicshop-webapp/index.jsp HTTP/1.1" 200 1812 http-bio-8080-exec-4 1
127.0.0.1 - - [23/Oct/2019:21:36:09 +0600] "GET /catholicshop-webapp/webapi/books/ HTTP/1.1" 200 1093 http-bio-8080-exec-8 5
0:0:0:0:0:0:0:1 - - [23/Oct/2019:21:36:09 +0600] "GET /catholicshop-webapp/site.jsp HTTP/1.1" 200 10632 http-bio-8080-exec-4 74
0:0:0:0:0:0:0:1 - - [23/Oct/2019:21:36:09 +0600] "GET /catholicshop-webapp/search.jsp HTTP/1.1" 200 2251 http-bio-8080-exec-4 0
0:0:0:0:0:0:0:1 - - [23/Oct/2019:21:36:10 +0600] "GET /catholicshop-webapp/maintain.jsp HTTP/1.1" 200 4771 http-bio-8080-exec-4 1
0:0:0:0:0:0:0:1 - - [23/Oct/2019:21:36:11 +0600] "GET /catholicshop-webapp/result.jsp HTTP/1.1" 200 4672 http-bio-8080-exec-4 1
0:0:0:0:0:0:0:1 - - [23/Oct/2019:21:36:12 +0600] "GET /catholicshop-webapp/search.jsp HTTP/1.1" 200 2251 http-bio-8080-exec-4 1
127.0.0.1 - - [23/Oct/2019:21:36:12 +0600] "GET /catholicshop-webapp/webapi/books/ HTTP/1.1" 200 1093 http-bio-8080-exec-8 8
0:0:0:0:0:0:0:1 - - [23/Oct/2019:21:36:12 +0600] "GET /catholicshop-webapp/site.jsp HTTP/1.1" 200 10632 http-bio-8080-exec-4 86
0:0:0:0:0:0:0:1 - - [23/Oct/2019:21:36:12 +0600] "GET /catholicshop-webapp/index.jsp HTTP/1.1" 200 1812 http-bio-8080-exec-4 1
127.0.0.1 - - [23/Oct/2019:21:58:06 +0600] "GET /catholicshop-webapp/webapi/books/ HTTP/1.1" 200 1093 http-bio-8080-exec-10 6
0:0:0:0:0:0:0:1 - - [23/Oct/2019:21:58:06 +0600] "GET /catholicshop-webapp/site.jsp HTTP/1.1" 200 10632 http-bio-8080-exec-6 84
0:0:0:0:0:0:0:1 - - [23/Oct/2019:21:58:07 +0600] "GET /catholicshop-webapp/maintain.jsp HTTP/1.1" 200 4771 http-bio-8080-exec-6 2
0:0:0:0:0:0:0:1 - - [23/Oct/2019:21:58:38 +0600] "POST /catholicshop-webapp/webapi/books/create HTTP/1.1" 500 14428 http-bio-8080-exec-6 23
0:0:0:0:0:0:0:1 - - [23/Oct/2019:22:00:15 +0600] "GET /catholicshop-webapp/maintain.jsp HTTP/1.1" 200 4755 http-bio-8080-exec-8 226
0:0:0:0:0:0:0:1 - - [23/Oct/2019:22:00:15 +0600] "GET /catholicshop-webapp/css/style.css HTTP/1.1" 200 2719 http-bio-8080-exec-1 2
0:0:0:0:0:0:0:1 - - [23/Oct/2019:22:00:15 +0600] "GET /catholicshop-webapp/css/maintain.css HTTP/1.1" 200 422 http-bio-8080-exec-2 1
0:0:0:0:0:0:0:1 - - [23/Oct/2019:22:00:25 +0600] "POST /catholicshop-webapp/webapi/books/create HTTP/1.1" 400 - http-bio-8080-exec-1 5
0:0:0:0:0:0:0:1 - - [23/Oct/2019:22:01:06 +0600] "GET /catholicshop-webapp/maintain.jsp HTTP/1.1" 200 4757 http-bio-8080-exec-2 171
0:0:0:0:0:0:0:1 - - [23/Oct/2019:22:01:06 +0600] "GET /catholicshop-webapp/css/maintain.css HTTP/1.1" 200 422 http-bio-8080-exec-7 1
0:0:0:0:0:0:0:1 - - [23/Oct/2019:22:01:06 +0600] "GET /catholicshop-webapp/css/style.css HTTP/1.1" 200 2719 http-bio-8080-exec-3 2
0:0:0:0:0:0:0:1 - - [23/Oct/2019:22:01:19 +0600] "POST /catholicshop-webapp/webapi/books/create HTTP/1.1" 500 14428 http-bio-8080-exec-3 28
0:0:0:0:0:0:0:1 - - [23/Oct/2019:22:04:32 +0600] "GET /catholicshop-webapp/maintain.jsp HTTP/1.1" 200 4766 http-bio-8080-exec-8 120
0:0:0:0:0:0:0:1 - - [23/Oct/2019:22:04:32 +0600] "GET /catholicshop-webapp/css/style.css HTTP/1.1" 200 2719 http-bio-8080-exec-4 2
0:0:0:0:0:0:0:1 - - [23/Oct/2019:22:04:32 +0600] "GET /catholicshop-webapp/css/maintain.css HTTP/1.1" 200 422 http-bio-8080-exec-6 1
0:0:0:0:0:0:0:1 - - [23/Oct/2019:22:04:47 +0600] "POST /catholicshop-webapp/webapi/books/create HTTP/1.1" 500 14248 http-bio-8080-exec-6 19
0:0:0:0:0:0:0:1 - - [23/Oct/2019:22:05:45 +0600] "GET /catholicshop-webapp/maintain.jsp HTTP/1.1" 200 4824 http-bio-8080-exec-10 176
0:0:0:0:0:0:0:1 - - [23/Oct/2019:22:05:45 +0600] "GET /catholicshop-webapp/css/maintain.css HTTP/1.1" 200 422 http-bio-8080-exec-2 1
0:0:0:0:0:0:0:1 - - [23/Oct/2019:22:05:45 +0600] "GET /catholicshop-webapp/css/style.css HTTP/1.1" 200 2719 http-bio-8080-exec-10 2
0:0:0:0:0:0:0:1 - - [23/Oct/2019:22:06:02 +0600] "GET /catholicshop-webapp/maintain.jsp?categories=Books&isbn=123-568-541&title=Lion+King&author=Lion&publisher=Lionpubliserz&price=13&quantity=3 HTTP/1.1" 200 4824 http-bio-8080-exec-10 2
0:0:0:0:0:0:0:1 - - [23/Oct/2019:22:06:02 +0600] "GET /catholicshop-webapp/css/style.css HTTP/1.1" 200 2719 http-bio-8080-exec-10 1
0:0:0:0:0:0:0:1 - - [23/Oct/2019:22:06:02 +0600] "GET /catholicshop-webapp/css/maintain.css HTTP/1.1" 200 422 http-bio-8080-exec-2 1
0:0:0:0:0:0:0:1 - - [23/Oct/2019:22:06:52 +0600] "GET /catholicshop-webapp/maintain.jsp?categories=Books&isbn=546-654-145&title=Lion+King&author=Lion&publisher=Lionpubliserz&price=13&quantity=3 HTTP/1.1" 200 4824 http-bio-8080-exec-2 2
0:0:0:0:0:0:0:1 - - [23/Oct/2019:22:06:52 +0600] "GET /catholicshop-webapp/css/style.css HTTP/1.1" 200 2719 http-bio-8080-exec-2 2
0:0:0:0:0:0:0:1 - - [23/Oct/2019:22:06:52 +0600] "GET /catholicshop-webapp/css/maintain.css HTTP/1.1" 200 422 http-bio-8080-exec-10 1
0:0:0:0:0:0:0:1 - - [23/Oct/2019:22:07:53 +0600] "GET /catholicshop-webapp/maintain.jsp?categories=Books&isbn=132-586-987&title=Lion+King&author=Lion&publisher=Lionpubliserz&price=13&quantity=3 HTTP/1.1" 200 4798 http-bio-8080-exec-7 120
0:0:0:0:0:0:0:1 - - [23/Oct/2019:22:07:53 +0600] "GET /catholicshop-webapp/css/style.css HTTP/1.1" 200 2719 http-bio-8080-exec-7 1
0:0:0:0:0:0:0:1 - - [23/Oct/2019:22:07:53 +0600] "GET /catholicshop-webapp/css/maintain.css HTTP/1.1" 200 422 http-bio-8080-exec-3 0
0:0:0:0:0:0:0:1 - - [23/Oct/2019:22:08:26 +0600] "POST /catholicshop-webapp/webapi/books/create HTTP/1.1" 200 - http-bio-8080-exec-4 7
0:0:0:0:0:0:0:1 - - [23/Oct/2019:22:08:31 +0600] "GET /catholicshop-webapp/webapi/books/ HTTP/1.1" 200 1243 http-bio-8080-exec-4 38
0:0:0:0:0:0:0:1 - - [23/Oct/2019:22:09:06 +0600] "GET /catholicshop-webapp/maintain.jsp?categories=Books&isbn=132-586-987&title=Lion+King&author=Lion&publisher=Lionpubliserz&price=13&quantity=3 HTTP/1.1" 200 4779 http-bio-8080-exec-8 134
0:0:0:0:0:0:0:1 - - [23/Oct/2019:22:09:06 +0600] "GET /catholicshop-webapp/css/style.css HTTP/1.1" 200 2719 http-bio-8080-exec-8 2
0:0:0:0:0:0:0:1 - - [23/Oct/2019:22:09:06 +0600] "GET /catholicshop-webapp/css/maintain.css HTTP/1.1" 200 422 http-bio-8080-exec-10 1
0:0:0:0:0:0:0:1 - - [23/Oct/2019:22:09:19 +0600] "POST /catholicshop-webapp/webapi/books/create HTTP/1.1" 500 14248 http-bio-8080-exec-10 22
0:0:0:0:0:0:0:1 - - [23/Oct/2019:22:14:54 +0600] "GET /catholicshop-webapp/maintain.jsp?categories=Books&isbn=132-586-987&title=Lion+King&author=Lion&publisher=Lionpubliserz&price=13&quantity=3 HTTP/1.1" 200 5739 http-bio-8080-exec-9 301
0:0:0:0:0:0:0:1 - - [23/Oct/2019:22:14:54 +0600] "GET /catholicshop-webapp/css/style.css HTTP/1.1" 200 2719 http-bio-8080-exec-7 2
0:0:0:0:0:0:0:1 - - [23/Oct/2019:22:14:54 +0600] "GET /catholicshop-webapp/css/maintain.css HTTP/1.1" 200 422 http-bio-8080-exec-2 1
0:0:0:0:0:0:0:1 - - [23/Oct/2019:22:15:23 +0600] "GET /catholicshop-webapp/maintain.jsp?categories=Books&isbn=132-586-987&title=Lion+King&author=Lion&publisher=Lionpubliserz&price=13&quantity=3 HTTP/1.1" 200 5739 http-bio-8080-exec-2 275
0:0:0:0:0:0:0:1 - - [23/Oct/2019:22:15:23 +0600] "GET /catholicshop-webapp/css/style.css HTTP/1.1" 200 2719 http-bio-8080-exec-1 2
0:0:0:0:0:0:0:1 - - [23/Oct/2019:22:15:23 +0600] "GET /catholicshop-webapp/css/maintain.css HTTP/1.1" 200 422 http-bio-8080-exec-7 1
0:0:0:0:0:0:0:1 - - [23/Oct/2019:22:16:41 +0600] "GET /catholicshop-webapp/maintain.jsp?categories=Books&isbn=132-586-987&title=Lion+King&author=Lion&publisher=Lionpubliserz&price=13&quantity=3 HTTP/1.1" 200 6034 http-bio-8080-exec-8 263
0:0:0:0:0:0:0:1 - - [23/Oct/2019:22:16:41 +0600] "GET /catholicshop-webapp/css/style.css HTTP/1.1" 200 2719 http-bio-8080-exec-8 2
0:0:0:0:0:0:0:1 - - [23/Oct/2019:22:16:41 +0600] "GET /catholicshop-webapp/css/maintain.css HTTP/1.1" 200 422 http-bio-8080-exec-4 1
0:0:0:0:0:0:0:1 - - [23/Oct/2019:22:16:41 +0600] "GET /js/jquery-1.2.6.min.js HTTP/1.1" 404 - http-bio-8080-exec-2 0
0:0:0:0:0:0:0:1 - - [23/Oct/2019:22:16:41 +0600] "GET /js/jquery-ui-personalized-1.5.2.packed.js HTTP/1.1" 404 - http-bio-8080-exec-2 0
0:0:0:0:0:0:0:1 - - [23/Oct/2019:22:16:41 +0600] "GET /js/sprinkle.js HTTP/1.1" 404 - http-bio-8080-exec-1 0
0:0:0:0:0:0:0:1 - - [23/Oct/2019:22:16:41 +0600] "GET /js/jquery-1.2.6.min.js HTTP/1.1" 404 - http-bio-8080-exec-4 0
0:0:0:0:0:0:0:1 - - [23/Oct/2019:22:16:41 +0600] "GET /js/jquery-ui-personalized-1.5.2.packed.js HTTP/1.1" 404 - http-bio-8080-exec-4 0
0:0:0:0:0:0:0:1 - - [23/Oct/2019:22:16:41 +0600] "GET /js/sprinkle.js HTTP/1.1" 404 - http-bio-8080-exec-4 0
0:0:0:0:0:0:0:1 - - [23/Oct/2019:22:17:53 +0600] "GET /catholicshop-webapp/maintain.jsp?categories=Books&isbn=132-586-987&title=Lion+King&author=Lion&publisher=Lionpubliserz&price=13&quantity=3 HTTP/1.1" 200 5766 http-bio-8080-exec-9 183
0:0:0:0:0:0:0:1 - - [23/Oct/2019:22:17:54 +0600] "GET /catholicshop-webapp/css/maintain.css HTTP/1.1" 200 422 http-bio-8080-exec-7 2
0:0:0:0:0:0:0:1 - - [23/Oct/2019:22:17:54 +0600] "GET /catholicshop-webapp/css/style.css HTTP/1.1" 200 2719 http-bio-8080-exec-9 2
0:0:0:0:0:0:0:1 - - [23/Oct/2019:22:18:37 +0600] "GET /catholicshop-webapp/maintain.jsp?categories=Books&isbn=132-586-987&title=Lion+King&author=Lion&publisher=Lionpubliserz&price=13&quantity=3 HTTP/1.1" 200 5852 http-bio-8080-exec-9 173
0:0:0:0:0:0:0:1 - - [23/Oct/2019:22:18:37 +0600] "GET /catholicshop-webapp/css/style.css HTTP/1.1" 200 2719 http-bio-8080-exec-8 1
0:0:0:0:0:0:0:1 - - [23/Oct/2019:22:18:37 +0600] "GET /catholicshop-webapp/css/maintain.css HTTP/1.1" 200 422 http-bio-8080-exec-7 2
0:0:0:0:0:0:0:1 - - [23/Oct/2019:22:19:08 +0600] "GET /catholicshop-webapp/maintain.jsp?categories=Books&isbn=132-586-987&title=Lion+King&author=Lion&publisher=Lionpubliserz&price=13&quantity=3 HTTP/1.1" 200 5871 http-bio-8080-exec-8 242
0:0:0:0:0:0:0:1 - - [23/Oct/2019:22:19:08 +0600] "GET /catholicshop-webapp/css/style.css HTTP/1.1" 200 2719 http-bio-8080-exec-1 1
0:0:0:0:0:0:0:1 - - [23/Oct/2019:22:19:08 +0600] "GET /catholicshop-webapp/css/maintain.css HTTP/1.1" 200 422 http-bio-8080-exec-7 1
0:0:0:0:0:0:0:1 - - [23/Oct/2019:22:19:52 +0600] "GET /catholicshop-webapp/maintain.jsp?categories=Books&isbn=132-586-987&title=Lion+King&author=Lion&publisher=Lionpubliserz&price=13&quantity=3 HTTP/1.1" 200 5706 http-bio-8080-exec-7 298
0:0:0:0:0:0:0:1 - - [23/Oct/2019:22:19:52 +0600] "GET /catholicshop-webapp/css/style.css HTTP/1.1" 200 2719 http-bio-8080-exec-5 1
0:0:0:0:0:0:0:1 - - [23/Oct/2019:22:19:52 +0600] "GET /catholicshop-webapp/css/maintain.css HTTP/1.1" 200 422 http-bio-8080-exec-1 0
0:0:0:0:0:0:0:1 - - [23/Oct/2019:22:20:31 +0600] "GET /catholicshop-webapp/maintain.jsp?categories=Books&isbn=132-586-987&title=Lion+King&author=Lion&publisher=Lionpubliserz&price=13&quantity=3 HTTP/1.1" 200 5823 http-bio-8080-exec-5 157
0:0:0:0:0:0:0:1 - - [23/Oct/2019:22:20:31 +0600] "GET /catholicshop-webapp/css/maintain.css HTTP/1.1" 200 422 http-bio-8080-exec-1 2
0:0:0:0:0:0:0:1 - - [23/Oct/2019:22:20:31 +0600] "GET /catholicshop-webapp/css/style.css HTTP/1.1" 200 2719 http-bio-8080-exec-6 3
0:0:0:0:0:0:0:1 - - [23/Oct/2019:22:20:31 +0600] "GET /js/jquery-1.2.6.min.js HTTP/1.1" 404 - http-bio-8080-exec-4 0
0:0:0:0:0:0:0:1 - - [23/Oct/2019:22:20:31 +0600] "GET /js/jquery-ui-personalized-1.5.2.packed.js HTTP/1.1" 404 - http-bio-8080-exec-3 0
0:0:0:0:0:0:0:1 - - [23/Oct/2019:22:20:31 +0600] "GET /js/sprinkle.js HTTP/1.1" 404 - http-bio-8080-exec-7 0
0:0:0:0:0:0:0:1 - - [23/Oct/2019:22:21:12 +0600] "GET /catholicshop-webapp/maintain.jsp?categories=Books&isbn=132-586-987&title=Lion+King&author=Lion&publisher=Lionpubliserz&price=13&quantity=3 HTTP/1.1" 200 5619 http-bio-8080-exec-7 186
0:0:0:0:0:0:0:1 - - [23/Oct/2019:22:21:12 +0600] "GET /catholicshop-webapp/css/style.css HTTP/1.1" 200 2719 http-bio-8080-exec-2 1
0:0:0:0:0:0:0:1 - - [23/Oct/2019:22:21:12 +0600] "GET /catholicshop-webapp/css/maintain.css HTTP/1.1" 200 422 http-bio-8080-exec-3 1
0:0:0:0:0:0:0:1 - - [23/Oct/2019:22:23:33 +0600] "GET /catholicshop-webapp/maintain.jsp?categories=Books&isbn=132-586-987&title=Lion+King&author=Lion&publisher=Lionpubliserz&price=13&quantity=3 HTTP/1.1" 200 5694 http-bio-8080-exec-5 173
0:0:0:0:0:0:0:1 - - [23/Oct/2019:22:23:33 +0600] "GET /catholicshop-webapp/css/style.css HTTP/1.1" 200 2719 http-bio-8080-exec-7 1
0:0:0:0:0:0:0:1 - - [23/Oct/2019:22:23:33 +0600] "GET /catholicshop-webapp/css/maintain.css HTTP/1.1" 200 422 http-bio-8080-exec-9 1
0:0:0:0:0:0:0:1 - - [23/Oct/2019:22:25:14 +0600] "GET /catholicshop-webapp/maintain.jsp?categories=Books&isbn=523-635-123&title=Lion+King&author=Lion&publisher=Lionpubliserz&price=13&quantity=3 HTTP/1.1" 200 5694 http-bio-8080-exec-6 2
0:0:0:0:0:0:0:1 - - [23/Oct/2019:22:25:14 +0600] "GET /catholicshop-webapp/css/style.css HTTP/1.1" 200 2719 http-bio-8080-exec-6 1
0:0:0:0:0:0:0:1 - - [23/Oct/2019:22:25:14 +0600] "GET /catholicshop-webapp/css/maintain.css HTTP/1.1" 200 422 http-bio-8080-exec-1 0
0:0:0:0:0:0:0:1 - - [23/Oct/2019:22:28:52 +0600] "GET /catholicshop-webapp/maintain.jsp?categories=Books&isbn=523-635-123&title=Lion+King&author=Lion&publisher=Lionpubliserz&price=13&quantity=3 HTTP/1.1" 200 5767 http-bio-8080-exec-8 172
0:0:0:0:0:0:0:1 - - [23/Oct/2019:22:28:52 +0600] "GET /catholicshop-webapp/css/style.css HTTP/1.1" 200 2719 http-bio-8080-exec-8 1
0:0:0:0:0:0:0:1 - - [23/Oct/2019:22:28:52 +0600] "GET /catholicshop-webapp/css/maintain.css HTTP/1.1" 200 422 http-bio-8080-exec-5 0
0:0:0:0:0:0:0:1 - - [23/Oct/2019:22:29:14 +0600] "POST /catholicshop-webapp/webapi/books/create HTTP/1.1" 400 - http-bio-8080-exec-5 2
0:0:0:0:0:0:0:1 - - [23/Oct/2019:22:29:14 +0600] "GET /catholicshop-webapp/maintain.jsp?categories=Books&isbn=123-568-789&title=Lion+King&author=Lion&publisher=Lionpubliserz&price=13&quantity=3 HTTP/1.1" 200 5767 http-bio-8080-exec-8 2
0:0:0:0:0:0:0:1 - - [23/Oct/2019:22:32:04 +0600] "GET /catholicshop-webapp/css/style.css HTTP/1.1" 200 2719 http-bio-8080-exec-2 3
0:0:0:0:0:0:0:1 - - [23/Oct/2019:22:32:04 +0600] "GET /catholicshop-webapp/css/maintain.css HTTP/1.1" 200 422 http-bio-8080-exec-6 1
0:0:0:0:0:0:0:1 - - [23/Oct/2019:22:32:06 +0600] "GET /catholicshop-webapp/maintain.jsp?categories=Books&isbn=123-568-789&title=Lion+King&author=Lion&publisher=Lionpubliserz&price=13&quantity=3 HTTP/1.1" 200 5783 http-bio-8080-exec-6 284
0:0:0:0:0:0:0:1 - - [23/Oct/2019:22:32:06 +0600] "GET /catholicshop-webapp/css/style.css HTTP/1.1" 200 2719 http-bio-8080-exec-9 1
0:0:0:0:0:0:0:1 - - [23/Oct/2019:22:32:06 +0600] "GET /catholicshop-webapp/css/maintain.css HTTP/1.1" 200 422 http-bio-8080-exec-2 0
0:0:0:0:0:0:0:1 - - [23/Oct/2019:22:32:20 +0600] "GET /catholicshop-webapp/maintain.jsp?categories=Books&isbn=153-654-895&title=Lion+King&author=Lion&publisher=Lionpubliserz&price=13&quantity=3 HTTP/1.1" 200 5783 http-bio-8080-exec-9 2
0:0:0:0:0:0:0:1 - - [23/Oct/2019:22:32:20 +0600] "POST /catholicshop-webapp/webapi/books/create HTTP/1.1" 500 14248 http-bio-8080-exec-2 82
0:0:0:0:0:0:0:1 - - [23/Oct/2019:22:32:20 +0600] "GET /catholicshop-webapp/css/style.css HTTP/1.1" 200 2719 http-bio-8080-exec-9 1
0:0:0:0:0:0:0:1 - - [23/Oct/2019:22:32:20 +0600] "GET /catholicshop-webapp/css/maintain.css HTTP/1.1" 200 422 http-bio-8080-exec-8 1
0:0:0:0:0:0:0:1 - - [23/Oct/2019:22:33:05 +0600] "GET /catholicshop-webapp/maintain.jsp?categories=Books&isbn=153-654-895&title=Lion+King&author=Lion&publisher=Lionpubliserz&price=13&quantity=3 HTTP/1.1" 200 5783 http-bio-8080-exec-8 2
0:0:0:0:0:0:0:1 - - [23/Oct/2019:22:33:05 +0600] "GET /catholicshop-webapp/css/style.css HTTP/1.1" 200 2719 http-bio-8080-exec-8 2
0:0:0:0:0:0:0:1 - - [23/Oct/2019:22:33:05 +0600] "GET /catholicshop-webapp/css/maintain.css HTTP/1.1" 200 422 http-bio-8080-exec-9 0
0:0:0:0:0:0:0:1 - - [23/Oct/2019:22:33:08 +0600] "GET /catholicshop-webapp/maintain.jsp HTTP/1.1" 200 5783 http-bio-8080-exec-9 1
0:0:0:0:0:0:0:1 - - [23/Oct/2019:22:33:08 +0600] "GET /catholicshop-webapp/css/style.css HTTP/1.1" 200 2719 http-bio-8080-exec-9 0
0:0:0:0:0:0:0:1 - - [23/Oct/2019:22:33:08 +0600] "GET /catholicshop-webapp/css/maintain.css HTTP/1.1" 200 422 http-bio-8080-exec-8 0
0:0:0:0:0:0:0:1 - - [23/Oct/2019:22:33:09 +0600] "GET /catholicshop-webapp/result.jsp HTTP/1.1" 200 4672 http-bio-8080-exec-8 2
0:0:0:0:0:0:0:1 - - [23/Oct/2019:22:33:09 +0600] "GET /catholicshop-webapp/css/style.css HTTP/1.1" 200 2719 http-bio-8080-exec-8 1
0:0:0:0:0:0:0:1 - - [23/Oct/2019:22:33:09 +0600] "GET /catholicshop-webapp/css/result.css HTTP/1.1" 200 731 http-bio-8080-exec-9 1
0:0:0:0:0:0:0:1 - - [23/Oct/2019:22:33:09 +0600] "GET /catholicshop-webapp/img/products/2180.jpg HTTP/1.1" 200 6697 http-bio-8080-exec-6 2
0:0:0:0:0:0:0:1 - - [23/Oct/2019:22:33:09 +0600] "GET /catholicshop-webapp/img/products/343.jpg HTTP/1.1" 200 4286 http-bio-8080-exec-7 1
0:0:0:0:0:0:0:1 - - [23/Oct/2019:22:33:09 +0600] "GET /catholicshop-webapp/img/products/1553.jpg HTTP/1.1" 200 8305 http-bio-8080-exec-2 1
0:0:0:0:0:0:0:1 - - [23/Oct/2019:22:33:09 +0600] "GET /catholicshop-webapp/img/products/3706.jpg HTTP/1.1" 200 7709 http-bio-8080-exec-3 2
0:0:0:0:0:0:0:1 - - [23/Oct/2019:22:33:11 +0600] "GET /catholicshop-webapp/maintain.jsp HTTP/1.1" 200 5783 http-bio-8080-exec-3 1
0:0:0:0:0:0:0:1 - - [23/Oct/2019:22:33:11 +0600] "GET /catholicshop-webapp/css/style.css HTTP/1.1" 200 2719 http-bio-8080-exec-3 1
0:0:0:0:0:0:0:1 - - [23/Oct/2019:22:33:11 +0600] "GET /catholicshop-webapp/css/maintain.css HTTP/1.1" 200 422 http-bio-8080-exec-2 1
0:0:0:0:0:0:0:1 - - [23/Oct/2019:22:33:24 +0600] "GET /catholicshop-webapp/maintain.jsp?categories=Books&isbn=123-569-784&title=Lion+King&author=Lion&publisher=Lionpubliserz&price=13&quantity=3 HTTP/1.1" 200 5783 http-bio-8080-exec-2 1
0:0:0:0:0:0:0:1 - - [23/Oct/2019:22:33:24 +0600] "POST /catholicshop-webapp/webapi/books/create HTTP/1.1" 500 14248 http-bio-8080-exec-3 77
0:0:0:0:0:0:0:1 - - [23/Oct/2019:22:33:24 +0600] "GET /catholicshop-webapp/css/style.css HTTP/1.1" 200 2719 http-bio-8080-exec-2 1
0:0:0:0:0:0:0:1 - - [23/Oct/2019:22:33:24 +0600] "GET /catholicshop-webapp/css/maintain.css HTTP/1.1" 200 422 http-bio-8080-exec-7 1
0:0:0:0:0:0:0:1 - - [23/Oct/2019:22:34:22 +0600] "GET /catholicshop-webapp/maintain.jsp?categories=Books&isbn=123-569-784&title=Lion+King&author=Lion&publisher=Lionpubliserz&price=13&quantity=3 HTTP/1.1" 200 5831 http-bio-8080-exec-7 291
0:0:0:0:0:0:0:1 - - [23/Oct/2019:22:34:22 +0600] "GET /catholicshop-webapp/css/style.css HTTP/1.1" 200 2719 http-bio-8080-exec-4 1
0:0:0:0:0:0:0:1 - - [23/Oct/2019:22:34:22 +0600] "GET /catholicshop-webapp/css/maintain.css HTTP/1.1" 200 422 http-bio-8080-exec-2 0
0:0:0:0:0:0:0:1 - - [23/Oct/2019:22:35:49 +0600] "GET /catholicshop-webapp/maintain.jsp?categories=Books&isbn=123-569-874&title=Lion+King&author=Lion&publisher=Lionpubliserz&price=13&quantity=3 HTTP/1.1" 200 5831 http-bio-8080-exec-10 2
0:0:0:0:0:0:0:1 - - [23/Oct/2019:22:35:49 +0600] "GET /catholicshop-webapp/css/style.css HTTP/1.1" 200 2719 http-bio-8080-exec-10 1
0:0:0:0:0:0:0:1 - - [23/Oct/2019:22:35:49 +0600] "GET /catholicshop-webapp/css/maintain.css HTTP/1.1" 200 422 http-bio-8080-exec-10 2
0:0:0:0:0:0:0:1 - - [23/Oct/2019:22:35:49 +0600] "POST /catholicshop-webapp/webapi/books/create HTTP/1.1" 500 14248 http-bio-8080-exec-5 141
0:0:0:0:0:0:0:1 - - [23/Oct/2019:22:37:25 +0600] "GET /catholicshop-webapp/maintain.jsp?categories=Books&isbn=123-569-874&title=Lion+King&author=Lion&publisher=Lionpubliserz&price=13&quantity=3 HTTP/1.1" 200 5800 http-bio-8080-exec-3 345
0:0:0:0:0:0:0:1 - - [23/Oct/2019:22:37:25 +0600] "GET /catholicshop-webapp/css/style.css HTTP/1.1" 200 2719 http-bio-8080-exec-3 2
0:0:0:0:0:0:0:1 - - [23/Oct/2019:22:37:25 +0600] "GET /catholicshop-webapp/css/maintain.css HTTP/1.1" 200 422 http-bio-8080-exec-1 0
0:0:0:0:0:0:0:1 - - [23/Oct/2019:22:37:39 +0600] "GET /catholicshop-webapp/maintain.jsp?categories=Books&isbn=123-569-874&title=Lion+King&author=Lion&publisher=Lionpubliserz&price=13&quantity=3 HTTP/1.1" 200 5813 http-bio-8080-exec-1 291
0:0:0:0:0:0:0:1 - - [23/Oct/2019:22:37:39 +0600] "GET /catholicshop-webapp/css/style.css HTTP/1.1" 200 2719 http-bio-8080-exec-6 1
0:0:0:0:0:0:0:1 - - [23/Oct/2019:22:37:39 +0600] "GET /catholicshop-webapp/css/maintain.css HTTP/1.1" 200 422 http-bio-8080-exec-3 1
0:0:0:0:0:0:0:1 - - [23/Oct/2019:22:38:36 +0600] "POST /catholicshop-webapp/webapi/books/create HTTP/1.1" 500 14178 http-bio-8080-exec-6 150
0:0:0:0:0:0:0:1 - - [23/Oct/2019:22:38:36 +0600] "GET /catholicshop-webapp/maintain.jsp?categories=Books&isbn=123-589-784&title=Lion+King&author=Lion&publisher=Lionpubliserz&price=13&quantity=3 HTTP/1.1" 200 5809 http-bio-8080-exec-3 366
0:0:0:0:0:0:0:1 - - [23/Oct/2019:22:38:38 +0600] "GET /catholicshop-webapp/css/style.css HTTP/1.1" 200 2719 http-bio-8080-exec-9 1
0:0:0:0:0:0:0:1 - - [23/Oct/2019:22:38:38 +0600] "GET /catholicshop-webapp/css/maintain.css HTTP/1.1" 200 422 http-bio-8080-exec-4 1
0:0:0:0:0:0:0:1 - - [23/Oct/2019:22:38:40 +0600] "GET /catholicshop-webapp/maintain.jsp?categories=Books&isbn=123-589-784&title=Lion+King&author=Lion&publisher=Lionpubliserz&price=13&quantity=3 HTTP/1.1" 200 5809 http-bio-8080-exec-4 1
0:0:0:0:0:0:0:1 - - [23/Oct/2019:22:38:40 +0600] "GET /catholicshop-webapp/css/style.css HTTP/1.1" 200 2719 http-bio-8080-exec-4 0
0:0:0:0:0:0:0:1 - - [23/Oct/2019:22:38:40 +0600] "GET /catholicshop-webapp/css/maintain.css HTTP/1.1" 200 422 http-bio-8080-exec-9 0
0:0:0:0:0:0:0:1 - - [23/Oct/2019:22:38:48 +0600] "GET /catholicshop-webapp/maintain.jsp?categories=Books&isbn=123-589-784&title=Lion+King&author=Lion&publisher=Lionpubliserz&price=13&quantity=3 HTTP/1.1" 200 5809 http-bio-8080-exec-4 2
0:0:0:0:0:0:0:1 - - [23/Oct/2019:22:38:48 +0600] "GET /catholicshop-webapp/css/style.css HTTP/1.1" 200 2719 http-bio-8080-exec-4 1
0:0:0:0:0:0:0:1 - - [23/Oct/2019:22:38:48 +0600] "GET /catholicshop-webapp/css/maintain.css HTTP/1.1" 200 422 http-bio-8080-exec-9 1
0:0:0:0:0:0:0:1 - - [23/Oct/2019:22:38:52 +0600] "GET /catholicshop-webapp/maintain.jsp HTTP/1.1" 200 5809 http-bio-8080-exec-9 1
0:0:0:0:0:0:0:1 - - [23/Oct/2019:22:38:52 +0600] "GET /catholicshop-webapp/css/style.css HTTP/1.1" 200 2719 http-bio-8080-exec-9 1
0:0:0:0:0:0:0:1 - - [23/Oct/2019:22:38:52 +0600] "GET /catholicshop-webapp/css/maintain.css HTTP/1.1" 200 422 http-bio-8080-exec-4 0
0:0:0:0:0:0:0:1 - - [23/Oct/2019:22:39:39 +0600] "POST /catholicshop-webapp/webapi/books/create HTTP/1.1" 500 14180 http-bio-8080-exec-4 119
0:0:0:0:0:0:0:1 - - [23/Oct/2019:22:40:13 +0600] "GET /catholicshop-webapp/maintain.jsp?category=books&isbn=123-569-847&title=Lion+King&author=Lion&publisher=Lionpubliserz&price=13&quantity=3 HTTP/1.1" 200 5809 http-bio-8080-exec-7 2
0:0:0:0:0:0:0:1 - - [23/Oct/2019:22:40:40 +0600] "GET /catholicshop-webapp/css/style.css HTTP/1.1" 200 2719 http-bio-8080-exec-7 1
0:0:0:0:0:0:0:1 - - [23/Oct/2019:22:40:40 +0600] "GET /catholicshop-webapp/css/maintain.css HTTP/1.1" 200 422 http-bio-8080-exec-3 1
0:0:0:0:0:0:0:1 - - [23/Oct/2019:22:42:56 +0600] "GET /catholicshop-webapp/maintain.jsp?category=books&isbn=123-569-847&title=Lion+King&author=Lion&publisher=Lionpubliserz&price=13&quantity=3 HTTP/1.1" 200 5770 http-bio-8080-exec-8 177
0:0:0:0:0:0:0:1 - - [23/Oct/2019:22:42:56 +0600] "GET /catholicshop-webapp/css/style.css HTTP/1.1" 200 2719 http-bio-8080-exec-4 1
0:0:0:0:0:0:0:1 - - [23/Oct/2019:22:42:56 +0600] "GET /catholicshop-webapp/css/maintain.css HTTP/1.1" 200 422 http-bio-8080-exec-2 1
0:0:0:0:0:0:0:1 - - [23/Oct/2019:22:44:46 +0600] "POST /catholicshop-webapp/webapi/books/create HTTP/1.1" 500 14180 http-bio-8080-exec-1 104
0:0:0:0:0:0:0:1 - - [23/Oct/2019:22:45:33 +0600] "GET /catholicshop-webapp/maintain.jsp?category=books&isbn=123-589-789&title=Lion+King&author=Lion&publisher=Lionpubliserz&price=13&quantity=3 HTTP/1.1" 200 5770 http-bio-8080-exec-10 2
0:0:0:0:0:0:0:1 - - [23/Oct/2019:22:45:36 +0600] "GET /catholicshop-webapp/css/style.css HTTP/1.1" 200 2719 http-bio-8080-exec-10 1
0:0:0:0:0:0:0:1 - - [23/Oct/2019:22:45:36 +0600] "GET /catholicshop-webapp/css/maintain.css HTTP/1.1" 200 422 http-bio-8080-exec-6 1
0:0:0:0:0:0:0:1 - - [23/Oct/2019:22:46:34 +0600] "GET /catholicshop-webapp/maintain.jsp?category=books&isbn=123-589-789&title=Lion+King&author=Lion&publisher=Lionpubliserz&price=13&quantity=3 HTTP/1.1" 200 5993 http-bio-8080-exec-6 159
0:0:0:0:0:0:0:1 - - [23/Oct/2019:22:46:34 +0600] "GET /catholicshop-webapp/css/style.css HTTP/1.1" 200 2719 http-bio-8080-exec-9 1
0:0:0:0:0:0:0:1 - - [23/Oct/2019:22:46:34 +0600] "GET /catholicshop-webapp/css/maintain.css HTTP/1.1" 200 422 http-bio-8080-exec-10 1
0:0:0:0:0:0:0:1 - - [23/Oct/2019:22:47:08 +0600] "POST /catholicshop-webapp/webapi/books/create HTTP/1.1" 400 - http-bio-8080-exec-10 2
0:0:0:0:0:0:0:1 - - [23/Oct/2019:22:54:58 +0600] "GET /catholicshop-webapp/maintain.jsp?category=books&isbn=123-589-856&title=Lion+King&author=Lion&publisher=Lionpubliserz&price=13&quantity=3 HTTP/1.1" 200 5783 http-bio-8080-exec-1 162
0:0:0:0:0:0:0:1 - - [23/Oct/2019:22:55:01 +0600] "GET /catholicshop-webapp/css/style.css HTTP/1.1" 200 2719 http-bio-8080-exec-7 2
0:0:0:0:0:0:0:1 - - [23/Oct/2019:22:55:01 +0600] "GET /catholicshop-webapp/css/maintain.css HTTP/1.1" 200 422 http-bio-8080-exec-2 1
0:0:0:0:0:0:0:1 - - [23/Oct/2019:23:11:06 +0600] "GET /catholicshop-webapp/maintain.jsp?category=books&isbn=123-589-856&title=Lion+King&author=Lion&publisher=Lionpubliserz&price=13&quantity=3 HTTP/1.1" 200 5770 http-bio-8080-exec-5 225
0:0:0:0:0:0:0:1 - - [23/Oct/2019:23:11:06 +0600] "GET /catholicshop-webapp/css/style.css HTTP/1.1" 200 2719 http-bio-8080-exec-5 2
0:0:0:0:0:0:0:1 - - [23/Oct/2019:23:11:06 +0600] "GET /catholicshop-webapp/css/maintain.css HTTP/1.1" 200 422 http-bio-8080-exec-6 1
